assets=['BTC', 'ETH', 'SOL', 'LINK', 'XRP', 'DOGE', 'AVAX', 'NEAR', 'APT', 'SUI']  bars={'BTC': 5104, 'ETH': 5104, 'SOL': 5104, 'LINK': 5104, 'XRP': 5104, 'DOGE': 5104, 'AVAX': 5104, 'NEAR': 5104, 'APT': 4231, 'SUI': 3619}

######################################################################
# A. WALK-FORWARD, liquidation ordering fixed
######################################################################
  walk-forward: 12 folds × 36 candidates (train 365d / test 110d)
   fold 1 test 2023-01-01→2023-04-21  n= 28  PF=0.49  expR=-0.364  {'entry_n': 48, 'sl_atr': 2.0, 'trail_atr': 2.0, 'trail_start_r': 0.0, 'adx_min': 18, 'ema_filter': 0, 'max_hold_bars': 0}
   fold 2 test 2023-04-21→2023-08-09  n=  8  PF=1.77  expR=+0.323  {'entry_n': 30, 'sl_atr': 3.0, 'trail_atr': 4.5, 'trail_start_r': 0.0, 'adx_min': 18, 'ema_filter': 200, 'max_hold_bars': 0}
   fold 3 test 2023-08-09→2023-11-27  n= 13  PF=6.73  expR=+2.247  {'entry_n': 30, 'sl_atr': 3.0, 'trail_atr': 4.5, 'trail_start_r': 0.0, 'adx_min': 18, 'ema_filter': 0, 'max_hold_bars': 0}
   fold 4 test 2023-11-27→2024-03-16  n= 30  PF=2.36  expR=+0.646  {'entry_n': 30, 'sl_atr': 3.0, 'trail_atr': 4.5, 'trail_start_r': 0.0, 'adx_min': 18, 'ema_filter': 0, 'max_hold_bars': 0}
   fold 5 test 2024-03-16→2024-07-04  n=  3  PF=0.00  expR=-1.013  {'entry_n': 20, 'sl_atr': 3.0, 'trail_atr': 3.0, 'trail_start_r': 0.0, 'adx_min': 18, 'ema_filter': 200, 'max_hold_bars': 0}
   fold 6 test 2024-07-04→2024-10-22  n= 13  PF=0.53  expR=-0.222  {'entry_n': 72, 'sl_atr': 3.0, 'trail_atr': 3.0, 'trail_start_r': 0.0, 'adx_min': 18, 'ema_filter': 0, 'max_hold_bars': 0}
   fold 7 test 2024-10-22→2025-02-09  n= 13  PF=4.97  expR=+2.322  {'entry_n': 48, 'sl_atr': 3.0, 'trail_atr': 4.5, 'trail_start_r': 0.0, 'adx_min': 0, 'ema_filter': 0, 'max_hold_bars': 0}
   fold 8 test 2025-02-09→2025-05-30  n=  8  PF=3.36  expR=+1.022  {'entry_n': 30, 'sl_atr': 2.0, 'trail_atr': 4.5, 'trail_start_r': 0.0, 'adx_min': 18, 'ema_filter': 0, 'max_hold_bars': 0}
   fold 9 test 2025-05-30→2025-09-17  n=  5  PF=0.34  expR=-0.401  {'entry_n': 48, 'sl_atr': 3.0, 'trail_atr': 4.5, 'trail_start_r': 0.5, 'adx_min': 0, 'ema_filter': 200, 'max_hold_bars': 0}
   fold 10 test 2025-09-17→2026-01-05  n=  3  PF=0.00  expR=-1.017  {'entry_n': 48, 'sl_atr': 3.0, 'trail_atr': 4.5, 'trail_start_r': 0.0, 'adx_min': 0, 'ema_filter': 0, 'max_hold_bars': 0}
   fold 11 test 2026-01-05→2026-04-25  n=  1  PF=0.00  expR=-0.648  {'entry_n': 72, 'sl_atr': 2.0, 'trail_atr': 3.0, 'trail_start_r': 0.5, 'adx_min': 0, 'ema_filter': 0, 'max_hold_bars': 0}
   fold 12 test 2026-04-25→2026-08-13  n=  0  PF=0.00  expR=+0.000  {'entry_n': 20, 'sl_atr': 3.0, 'trail_atr': 3.0, 'trail_start_r': 0.5, 'adx_min': 0, 'ema_filter': 200, 'max_hold_bars': 0}

── donchian@8h + BTC-align · OUT-OF-SAMPLE ───────────────────
  window        2023-01-01 → 2026-08-12
  trades        125   (0.7/wk)   avg hold 240.3h
  win rate      36.8%      payoff 3.38
  profit factor 1.97   95% CI [1.15, 3.13]
  expectancy    +0.542 R   (+3.96 USDT/trade)
  net pnl       +495.58 USDT   total +54.4%   CAGR +12.8%
  max drawdown  11.3%     Calmar 1.13
  Sharpe 0.94   Sortino 0.67   t-stat 2.20
  fees 11.70 + funding 0.00  (fees = 1% of gross profit)
  P(edge>0) 0.99   liquidations 0
  exits         {'SL': 103, 'EOD': 18, 'TP': 3, 'SL_GAP': 1}

######################################################################
# B. BREAKDOWN
######################################################################

  by mkt:
 mkt  n  win%   PF  expR   pnl
bull 93  36.6 2.07  0.58 395.1
chop 32  37.5 1.70  0.43 100.5

  by year:
 year  n  win%   PF   expR   pnl
 2024 46  39.1 3.01  1.008 343.1
 2023 58  36.2 1.69  0.378 162.3
 2026  1   0.0 0.00 -0.648  -4.9
 2025 20  35.0 0.95  0.006  -5.0

  by dir:
 dir   n  win%   PF  expR   pnl
LONG 125  36.8 1.97 0.542 495.6

  by symbol:
symbol  n  win%   PF   expR   pnl
   XRP  8  62.5 9.67  3.190 194.0
   SOL 17  41.2 2.61  0.830 105.8
  DOGE 10  40.0 3.35  1.267  90.4
  LINK 14  35.7 1.83  0.543  55.5
  AVAX 11  36.4 2.00  0.588  46.9
   ETH 21  33.3 1.25  0.154  22.9
   APT  9  66.7 1.89  0.295  19.5
   BTC 16  25.0 0.92 -0.032  -6.7
  NEAR 10  20.0 0.71 -0.200 -13.7
   SUI  9  22.2 0.39 -0.222 -19.1

  parameter stability:
{
 "entry_n": {
  "mode": "30",
  "mean": 41.333,
  "cv": 0.43,
  "n_distinct": 4
 },
 "sl_atr": {
  "mode": 3.0,
  "mean": 2.75,
  "cv": 0.16,
  "n_distinct": 2
 },
 "trail_atr": {
  "mode": 4.5,
  "mean": 3.792,
  "cv": 0.24,
  "n_distinct": 3
 },
 "trail_start_r": {
  "mode": 0.0,
  "mean": 0.125,
  "cv": 1.81,
  "n_distinct": 2
 },
 "adx_min": {
  "mode": "18",
  "mean": 10.5,
  "cv": 0.88,
  "n_distinct": 2
 },
 "ema_filter": {
  "mode": "0",
  "mean": 66.667,
  "cv": 1.48,
  "n_distinct": 2
 },
 "max_hold_bars": {
  "mode": "0",
  "mean": 0.0,
  "cv": null,
  "n_distinct": 1
 }
}

  most-selected JOINT parameter set (2/12 folds):
    {'entry_n': 48, 'sl_atr': 3, 'trail_atr': 4.5, 'trail_start_r': 0, 'adx_min': 0, 'ema_filter': 0, 'max_hold_bars': 0}

######################################################################
# C. COST SENSITIVITY (full sample, joint params)
######################################################################
  maker 2bps     n= 149 PF=2.25 expR=+0.602 net=  +837.4 DD= 12.2% Sharpe=1.01
  taker 5bps     n= 149 PF=2.22 expR=+0.594 net=  +820.9 DD= 12.3% Sharpe=0.99
  taker 7.5bps   n= 149 PF=2.20 expR=+0.588 net=  +807.0 DD= 12.5% Sharpe=0.98
  taker 10bps    n= 149 PF=2.18 expR=+0.581 net=  +793.2 DD= 12.6% Sharpe=0.96

######################################################################
# D. PARAMETER NEIGHBOURHOOD (full sample)
######################################################################
  entry_n         20:PF1.84/n178   30:PF1.88/n169   48:PF2.22/n149   72:PF2.32/n137
  sl_atr          2.0:PF2.18/n184   3.0:PF2.22/n149
  trail_atr       2.0:PF1.45/n229   3.0:PF1.73/n191   4.5:PF2.22/n149
  trail_start_r   0.0:PF2.22/n149   0.5:PF2.28/n153
  adx_min         0:PF2.22/n149   18:PF2.40/n147
  ema_filter      0:PF2.22/n149   200:PF2.21/n148

######################################################################
# E. RANDOM-ENTRY CONTROL (long-only) (same exits, entries shuffled in time)
######################################################################
  real entries      PF=2.22 expR=+0.594 n=149
  random entries    PF mean=1.11 p5=0.99 p95=1.23 (20 runs)
  -> the timing signal beats random in 100% of controls
