{'BTC': 163399, 'ETH': 163399, 'SOL': 163399, 'LINK': 163399, 'XRP': 163399}
funding series: {'BTC': 287, 'ETH': 288, 'SOL': 287, 'LINK': 287, 'XRP': 287}
regime mix: {'chop': '1308 days (77%)', 'bull': '276 days (16%)', 'bear': '118 days (7%)'}
  chop  2022-01-01 -> 2022-08-26 (238d)
  chop  2022-12-09 -> 2023-02-18 (72d)
  chop  2023-02-20 -> 2023-03-21 (30d)
  chop  2023-04-18 -> 2023-06-23 (67d)
  chop  2023-07-21 -> 2023-10-06 (78d)
  bull  2023-10-21 -> 2023-11-23 (34d)
  chop  2024-01-12 -> 2024-02-11 (31d)
  bull  2024-02-12 -> 2024-03-19 (37d)
  chop  2024-03-29 -> 2024-05-31 (64d)
  chop  2024-06-12 -> 2024-07-28 (47d)
  chop  2024-07-30 -> 2024-09-27 (60d)
  bull  2024-11-07 -> 2024-12-13 (37d)
  chop  2024-12-19 -> 2025-01-30 (43d)
  chop  2025-02-01 -> 2025-04-28 (87d)
  chop  2025-06-06 -> 2025-07-11 (36d)
  chop  2025-08-02 -> 2025-10-01 (61d)
  chop  2025-10-11 -> 2025-11-17 (38d)
  chop  2025-12-12 -> 2026-01-31 (51d)
  bear  2026-02-01 -> 2026-03-02 (30d)
  chop  2026-03-03 -> 2026-06-01 (91d)
  bear  2026-06-02 -> 2026-07-02 (31d)
  chop  2026-07-03 -> 2026-08-29 (58d)
raw signals: {'BTC': 1556, 'ETH': 1598, 'SOL': 1426, 'LINK': 1307, 'XRP': 1176}

── LEGACY SMC 15m · A_repo_assumptions ───────────────────────
  window        2021-12-31 → 2026-08-29
  trades        4097   (16.9/wk)   avg hold 3.4h
  win rate      42.1%      payoff 1.21
  profit factor 0.88   95% CI [0.80, 0.97]
  expectancy    -0.088 R   (-0.14 USDT/trade)
  net pnl       -579.29 USDT   total -99.0%   CAGR -62.7%
  max drawdown  99.0%     Calmar -0.63
  Sharpe -2.37   Sortino -1.56   t-stat -4.90
  fees 821.45 + funding 0.00  (fees = 19% of gross profit)
  P(edge>0) 0.01   liquidations 0
  exits         {'SL': 2359, 'TP': 1708, 'TIME': 30}
  blocked       {'symbol_locked': 1270, 'no_room': 626, 'halted': 1070}

── LEGACY SMC 15m · B_wicks_visible ──────────────────────────
  window        2021-12-31 → 2026-08-29
  trades        2967   (12.2/wk)   avg hold 2.2h
  win rate      40.6%      payoff 1.19
  profit factor 0.82   95% CI [0.73, 0.92]
  expectancy    -0.152 R   (-0.24 USDT/trade)
  net pnl       -700.13 USDT   total -99.0%   CAGR -62.5%
  max drawdown  99.0%     Calmar -0.63
  Sharpe -3.21   Sortino -1.31   t-stat -6.89
  fees 579.21 + funding 0.00  (fees = 19% of gross profit)
  P(edge>0) 0.00   liquidations 3
  exits         {'SL': 1631, 'TP': 1180, 'SL_GAP': 117, 'TP_GAP': 22, 'SL_AMBIG': 10, 'TIME': 4, 'LIQ': 3}
  blocked       {'symbol_locked': 497, 'no_room': 319, 'halted': 3280}

── LEGACY SMC 15m · C_honest ─────────────────────────────────
  window        2021-12-31 → 2026-08-29
  trades        2168   (8.9/wk)   avg hold 2.2h
  win rate      41.0%      payoff 1.10
  profit factor 0.77   95% CI [0.67, 0.88]
  expectancy    -0.221 R   (-0.33 USDT/trade)
  net pnl       -723.52 USDT   total -99.0%   CAGR -62.6%
  max drawdown  99.0%     Calmar -0.63
  Sharpe -3.63   Sortino -1.18   t-stat -8.13
  fees 532.64 + funding 0.00  (fees = 23% of gross profit)
  P(edge>0) 0.00   liquidations 3
  exits         {'SL': 1166, 'TP': 872, 'SL_GAP': 99, 'TP_GAP': 16, 'SL_AMBIG': 9, 'LIQ': 3, 'TIME': 3}
  blocked       {'symbol_locked': 372, 'no_room': 231, 'halted': 4292}

  by market regime:
regime    n  win%   PF   expR    pnl
  bear  128  42.2 0.77 -0.200  -29.8
  bull  171  39.2 0.73 -0.252  -10.7
  chop 1869  41.1 0.77 -0.219 -683.1

  per symbol:
          n    wr     pnl  expR
symbol                         
BTC     502  40.4 -144.57 -0.29
ETH     531  39.7 -269.14 -0.28
LINK    378  44.2    6.93 -0.09
SOL     423  40.0 -133.86 -0.20
XRP     334  41.6 -182.88 -0.19
