
######################################################################
# TS-MOMENTUM PORTFOLIO @ 1d   10 assets, 1702 bars, 2022-01-01→2026-08-29
######################################################################
   fold 1 2023-02-25→2023-06-15  Sharpe -1.22  CAGR   -37.7%  DD  19.2%   vote f10/s50/r40/b20 tv0.5 g1.0 LONG-ONLY
   fold 2 2023-06-15→2023-10-03  Sharpe -1.40  CAGR   -29.7%  DD  13.7%   vote f10/s50/r40/b20 tv0.5 g1.0 LONG-ONLY
   fold 3 2023-10-03→2024-01-21  Sharpe +4.75  CAGR +1700.9%  DD  14.1%   vote f10/s50/r40/b20 tv0.5 g1.0 LONG-ONLY
   fold 4 2024-01-21→2024-05-10  Sharpe +2.71  CAGR  +357.8%  DD  27.2%   breakout f30/s50/r60/b20 tv0.5 g1.0 LONG-ONLY
   fold 5 2024-05-10→2024-08-28  Sharpe -1.61  CAGR   -42.0%  DD  22.3%   vote f10/s120/r20/b20 tv0.5 g2.0 LONG-ONLY
   fold 6 2024-08-28→2024-12-16  Sharpe +4.42  CAGR +6837.8%  DD  26.6%   vote f10/s120/r20/b20 tv0.5 g2.0 LONG-ONLY
   fold 7 2024-12-16→2025-04-05  Sharpe -3.07  CAGR   -78.1%  DD  36.5%   vote f10/s120/r20/b20 tv0.5 g2.0 LONG-ONLY
   fold 8 2025-04-05→2025-07-24  Sharpe +1.25  CAGR   +68.2%  DD  21.7%   vote f10/s120/r20/b20 tv0.5 g2.0 LONG-ONLY
   fold 9 2025-07-24→2025-11-11  Sharpe -0.98  CAGR   -57.8%  DD  33.2%   vote f10/s50/r40/b20 tv0.5 g1.0 LONG-ONLY
   fold 10 2025-11-11→2026-03-01  Sharpe -3.45  CAGR   -27.7%  DD   9.2%   vote f10/s50/r40/b20 tv0.5 g1.0 LONG-ONLY
   fold 11 2026-03-01→2026-06-19  Sharpe -0.96  CAGR   -35.8%  DD  28.8%   ret f30/s120/r40/b20 tv0.5 g1.0 L/S

── TS-momentum @ 1d · OUT-OF-SAMPLE ────────────────────────
  2023-02-25 → 2026-06-18   gross exposure nanx
  CAGR +52.1%   vol 55.5%   total +301.1%
  Sharpe 1.03   Sortino 1.17   t-stat 1.88
  max DD 65.7%   Calmar 0.79   bars up 34.4%
  turnover nanx/yr → cost drag nan%/yr, funding +nan%/yr

  fold detail:
 fold       test     kind  fast  slow  ret_win  breakout_n  vote  target_vol  max_w  gross_cap  long_only  oos_sharpe  oos_cagr  oos_dd
    1 2023-02-25     vote    10    50       40          20     2         0.5   0.25        1.0       True       -1.22     -37.7    19.2
    2 2023-06-15     vote    10    50       40          20     2         0.5   0.25        1.0       True       -1.40     -29.7    13.7
    3 2023-10-03     vote    10    50       40          20     2         0.5   0.25        1.0       True        4.75    1700.9    14.1
    4 2024-01-21 breakout    30    50       60          20     2         0.5   0.40        1.0       True        2.71     357.8    27.2
    5 2024-05-10     vote    10   120       20          20     3         0.5   0.25        2.0       True       -1.61     -42.0    22.3
    6 2024-08-28     vote    10   120       20          20     3         0.5   0.25        2.0       True        4.42    6837.8    26.6
    7 2024-12-16     vote    10   120       20          20     3         0.5   0.25        2.0       True       -3.07     -78.1    36.5
    8 2025-04-05     vote    10   120       20          20     3         0.5   0.25        2.0       True        1.25      68.2    21.7
    9 2025-07-24     vote    10    50       40          20     2         0.5   0.25        1.0       True       -0.98     -57.8    33.2
   10 2025-11-11     vote    10    50       40          20     2         0.5   0.25        1.0       True       -3.45     -27.7     9.2
   11 2026-03-01      ret    30   120       40          20     3         0.5   0.40        1.0      False       -0.96     -35.8    28.8

  by market regime:
regime  bars  ann_ret%  sharpe  hit%
  bear   244     -35.9   -2.45  11.1
  bull   493     268.3    2.13  45.6
  chop   473      -5.6    0.10  34.7

  benchmark BTC buy&hold same window: total +171.7%  Sharpe 0.88  maxDD 51.2%

######################################################################
# TS-MOMENTUM PORTFOLIO @ 8h   10 assets, 5104 bars, 2022-01-01→2026-08-29
######################################################################
   fold 1 2023-02-25→2023-06-15  Sharpe -0.25  CAGR   -12.7%  DD  18.1%   vote f20/s80/r60/b20 tv0.5 g1.0 LONG-ONLY
   fold 2 2023-06-15→2023-10-03  Sharpe -0.74  CAGR   -31.3%  DD  20.2%   vote f10/s50/r40/b40 tv0.5 g1.0 L/S
   fold 3 2023-10-03→2024-01-21  Sharpe +2.67  CAGR  +210.9%  DD  17.7%   breakout f30/s120/r40/b20 tv0.3 g1.0 L/S
   fold 4 2024-01-21→2024-05-10  Sharpe +2.60  CAGR  +262.9%  DD  22.0%   vote f20/s80/r60/b20 tv0.5 g1.0 LONG-ONLY
   fold 5 2024-05-10→2024-08-28  Sharpe -1.38  CAGR   -48.8%  DD  26.6%   breakout f20/s50/r40/b60 tv0.5 g1.0 LONG-ONLY
   fold 6 2024-08-28→2024-12-16  Sharpe +5.05  CAGR +2875.9%  DD  17.8%   ret f10/s80/r60/b60 tv0.5 g1.0 LONG-ONLY
   fold 7 2024-12-16→2025-04-05  Sharpe -3.18  CAGR   -89.2%  DD  48.6%   ret f10/s80/r60/b60 tv0.5 g1.0 LONG-ONLY
   fold 8 2025-04-05→2025-07-24  Sharpe +2.24  CAGR  +151.8%  DD  21.1%   vote f30/s120/r60/b40 tv0.3 g1.0 LONG-ONLY
   fold 9 2025-07-24→2025-11-11  Sharpe -0.48  CAGR   -31.9%  DD  29.7%   vote f30/s120/r60/b40 tv0.3 g1.0 LONG-ONLY
   fold 10 2025-11-11→2026-03-01  Sharpe -4.08  CAGR   -50.0%  DD  18.9%   vote f30/s120/r60/b40 tv0.3 g1.0 LONG-ONLY
   fold 11 2026-03-01→2026-06-19  Sharpe -1.50  CAGR   -58.2%  DD  38.6%   vote f20/s80/r60/b20 tv0.5 g1.0 L/S

── TS-momentum @ 8h · OUT-OF-SAMPLE ────────────────────────
  2023-02-25 → 2026-06-18   gross exposure nanx
  CAGR +13.3%   vol 48.8%   total +51.0%
  Sharpe 0.50   Sortino 0.59   t-stat 0.91
  max DD 69.7%   Calmar 0.19   bars up 36.7%
  turnover nanx/yr → cost drag nan%/yr, funding +nan%/yr

  fold detail:
 fold       test     kind  fast  slow  ret_win  breakout_n  vote  target_vol  max_w  gross_cap  long_only  oos_sharpe  oos_cagr  oos_dd
    1 2023-02-25     vote    20    80       60          20     2         0.5   0.25        1.0       True       -0.25     -12.7    18.1
    2 2023-06-15     vote    10    50       40          40     3         0.5   0.25        1.0      False       -0.74     -31.3    20.2
    3 2023-10-03 breakout    30   120       40          20     3         0.3   0.25        1.0      False        2.67     210.9    17.7
    4 2024-01-21     vote    20    80       60          20     2         0.5   0.25        1.0       True        2.60     262.9    22.0
    5 2024-05-10 breakout    20    50       40          60     2         0.5   0.25        1.0       True       -1.38     -48.8    26.6
    6 2024-08-28      ret    10    80       60          60     3         0.5   0.40        1.0       True        5.05    2875.9    17.8
    7 2024-12-16      ret    10    80       60          60     3         0.5   0.40        1.0       True       -3.18     -89.2    48.6
    8 2025-04-05     vote    30   120       60          40     3         0.3   0.40        1.0       True        2.24     151.8    21.1
    9 2025-07-24     vote    30   120       60          40     3         0.3   0.40        1.0       True       -0.48     -31.9    29.7
   10 2025-11-11     vote    30   120       60          40     3         0.3   0.40        1.0       True       -4.08     -50.0    18.9
   11 2026-03-01     vote    20    80       60          20     3         0.5   0.40        1.0      False       -1.50     -58.2    38.6

  by market regime:
regime  bars  ann_ret%  sharpe  hit%
  bear   732     -71.6   -3.64  21.2
  bull  1479     146.7    1.89  44.4
  chop  1419       2.7    0.29  36.8

  benchmark BTC buy&hold same window: total +172.1%  Sharpe 0.89  maxDD 51.7%
