
######################################################################
# TIMEFRAME 4h   [('BTC', 10208), ('ETH', 10208), ('SOL', 10208), ('LINK', 10208), ('XRP', 10208), ('DOGE', 9376), ('AVAX', 9376), ('NEAR', 9376), ('APT', 8462), ('SUI', 7238)]
######################################################################

===== donchian @ 4h =====
  walk-forward: 7 folds × 40 candidates (train 365d / test 120d)
   fold 1 test 2023-01-01→2023-05-01  n= 64  PF=0.77  expR=-0.129  {'entry_n': 30, 'sl_atr': 2.0, 'trail_atr': 4.5, 'trail_start_r': 0.5, 'adx_min': 15, 'ema_filter': 100, 'max_hold_bars': 0}
   fold 2 test 2023-05-01→2023-08-29  n= 45  PF=1.46  expR=+0.250  {'entry_n': 30, 'sl_atr': 3.5, 'trail_atr': 2.0, 'trail_start_r': 1.0, 'adx_min': 22, 'ema_filter': 100, 'max_hold_bars': 0}
   fold 3 test 2023-08-29→2023-12-27  n= 77  PF=1.45  expR=+0.222  {'entry_n': 30, 'sl_atr': 3.5, 'trail_atr': 2.0, 'trail_start_r': 1.0, 'adx_min': 22, 'ema_filter': 100, 'max_hold_bars': 0}
   fold 4 test 2023-12-27→2024-04-25  n= 89  PF=0.68  expR=-0.173  {'entry_n': 30, 'sl_atr': 2.5, 'trail_atr': 3.0, 'trail_start_r': 0.5, 'adx_min': 22, 'ema_filter': 0, 'max_hold_bars': 0}
   fold 5 test 2024-04-25→2024-08-23  n= 44  PF=1.95  expR=+0.307  {'entry_n': 72, 'sl_atr': 3.5, 'trail_atr': 3.0, 'trail_start_r': 0.5, 'adx_min': 0, 'ema_filter': 200, 'max_hold_bars': 0}
   fold 6 test 2024-08-23→2024-12-21  n= 64  PF=1.42  expR=+0.206  {'entry_n': 30, 'sl_atr': 3.5, 'trail_atr': 2.0, 'trail_start_r': 1.0, 'adx_min': 22, 'ema_filter': 100, 'max_hold_bars': 0}
   fold 7 test 2024-12-21→2025-04-20  n= 61  PF=0.96  expR=-0.012  {'entry_n': 30, 'sl_atr': 3.5, 'trail_atr': 2.0, 'trail_start_r': 1.0, 'adx_min': 22, 'ema_filter': 100, 'max_hold_bars': 0}

── donchian @ 4h · OUT-OF-SAMPLE ─────────────────────────────
  window        2023-01-01 → 2025-04-19
  trades        444   (3.7/wk)   avg hold 139.7h
  win rate      44.1%      payoff 1.43
  profit factor 1.13   95% CI [0.91, 1.41]
  expectancy    +0.069 R   (+0.49 USDT/trade)
  net pnl       +218.42 USDT   total +18.2%   CAGR +7.6%
  max drawdown  21.2%     Calmar 0.36
  Sharpe 0.44   Sortino 0.52   t-stat 1.11
  fees 45.92 + funding 0.00  (fees = 2% of gross profit)
  P(edge>0) 0.87   liquidations 3
  exits         {'SL': 416, 'EOD': 24, 'LIQ': 3, 'SL_GAP': 1}

  parameter stability:
{
 "entry_n": {
  "mode": "30",
  "mean": 36.0,
  "cv": 0.44,
  "n_distinct": 2
 },
 "sl_atr": {
  "mode": 3.5,
  "mean": 3.143,
  "cv": 0.2,
  "n_distinct": 3
 },
 "trail_atr": {
  "mode": 2.0,
  "mean": 2.643,
  "cv": 0.36,
  "n_distinct": 3
 },
 "trail_start_r": {
  "mode": 1.0,
  "mean": 0.786,
  "cv": 0.34,
  "n_distinct": 2
 },
 "adx_min": {
  "mode": "22",
  "mean": 17.857,
  "cv": 0.46,
  "n_distinct": 3
 },
 "ema_filter": {
  "mode": "100",
  "mean": 100.0,
  "cv": 0.58,
  "n_distinct": 3
 },
 "max_hold_bars": {
  "mode": "0",
  "mean": 0.0,
  "cv": null,
  "n_distinct": 1
 }
}

  ── donchian@4h by market regime ──
regime   n  win%   PF   expR   pnl
  bear  32  43.8 0.78 -0.107 -28.5
  bull 268  38.1 0.94 -0.036 -69.3
  chop 144  55.6 1.69  0.302 316.3

===== squeeze @ 4h =====
  walk-forward: 7 folds × 40 candidates (train 365d / test 120d)
   fold 1 test 2023-01-01→2023-05-01  n= 63  PF=0.89  expR=-0.046  {'squeeze_n': 96, 'squeeze_q': 0.35, 'entry_n': 30, 'sl_atr': 2.5, 'trail_atr': 2.0, 'trail_start_r': 0.5, 'ema_filter': 0}
   fold 2 test 2023-05-01→2023-08-29  n= 38  PF=2.29  expR=+0.693  {'squeeze_n': 192, 'squeeze_q': 0.35, 'entry_n': 30, 'sl_atr': 2.0, 'trail_atr': 2.0, 'trail_start_r': 0.0, 'ema_filter': 200}
   fold 3 test 2023-08-29→2023-12-27  n= 42  PF=0.99  expR=+0.003  {'squeeze_n': 192, 'squeeze_q': 0.35, 'entry_n': 30, 'sl_atr': 2.0, 'trail_atr': 2.0, 'trail_start_r': 0.0, 'ema_filter': 200}
   fold 4 test 2023-12-27→2024-04-25  n= 48  PF=1.16  expR=+0.103  {'squeeze_n': 96, 'squeeze_q': 0.35, 'entry_n': 30, 'sl_atr': 2.5, 'trail_atr': 3.0, 'trail_start_r': 0.0, 'ema_filter': 200}
   fold 5 test 2024-04-25→2024-08-23  n= 61  PF=1.67  expR=+0.368  {'squeeze_n': 96, 'squeeze_q': 0.35, 'entry_n': 20, 'sl_atr': 2.0, 'trail_atr': 2.0, 'trail_start_r': 0.5, 'ema_filter': 200}
   fold 6 test 2024-08-23→2024-12-21  n= 68  PF=1.54  expR=+0.253  {'squeeze_n': 96, 'squeeze_q': 0.35, 'entry_n': 20, 'sl_atr': 2.0, 'trail_atr': 2.0, 'trail_start_r': 0.5, 'ema_filter': 200}
   fold 7 test 2024-12-21→2025-04-20  n= 59  PF=1.30  expR=+0.130  {'squeeze_n': 96, 'squeeze_q': 0.35, 'entry_n': 20, 'sl_atr': 2.0, 'trail_atr': 2.0, 'trail_start_r': 0.5, 'ema_filter': 200}

── squeeze @ 4h · OUT-OF-SAMPLE ──────────────────────────────
  window        2023-01-01 → 2025-04-19
  trades        379   (3.2/wk)   avg hold 69.3h
  win rate      44.3%      payoff 1.73
  profit factor 1.37   95% CI [1.04, 1.78]
  expectancy    +0.200 R   (+1.38 USDT/trade)
  net pnl       +523.98 USDT   total +58.4%   CAGR +22.2%
  max drawdown  14.7%     Calmar 1.51
  Sharpe 1.03   Sortino 1.14   t-stat 2.41
  fees 64.03 + funding 0.00  (fees = 3% of gross profit)
  P(edge>0) 0.99   liquidations 0
  exits         {'SL': 365, 'EOD': 9, 'SL_GAP': 5}

  parameter stability:
{
 "squeeze_n": {
  "mode": "96",
  "mean": 123.429,
  "cv": 0.38,
  "n_distinct": 2
 },
 "squeeze_q": {
  "mode": 0.35,
  "mean": 0.35,
  "cv": 0.0,
  "n_distinct": 1
 },
 "entry_n": {
  "mode": "30",
  "mean": 25.714,
  "cv": 0.21,
  "n_distinct": 2
 },
 "sl_atr": {
  "mode": 2.0,
  "mean": 2.143,
  "cv": 0.11,
  "n_distinct": 2
 },
 "trail_atr": {
  "mode": 2.0,
  "mean": 2.143,
  "cv": 0.18,
  "n_distinct": 2
 },
 "trail_start_r": {
  "mode": 0.5,
  "mean": 0.286,
  "cv": 0.94,
  "n_distinct": 2
 },
 "ema_filter": {
  "mode": "200",
  "mean": 171.429,
  "cv": 0.44,
  "n_distinct": 2
 }
}

  ── squeeze@4h by market regime ──
regime   n  win%   PF   expR   pnl
  bear  44  36.4 0.55 -0.208 -81.8
  bull 208  44.7 1.38  0.213 304.7
  chop 127  46.5 1.73  0.321 301.1

===== pullback @ 4h =====
  walk-forward: 7 folds × 40 candidates (train 365d / test 120d)
   fold 1 test 2023-01-01→2023-05-01  n=  0  PF=0.00  expR=+0.000  {'ema_fast': 21, 'ema_slow': 89, 'tp_atr': 4.5, 'sl_atr': 2.0, 'adx_min': 25, 'max_hold_bars': 120, 'trail_atr': 0.0, 'htf': '1d'}
   fold 2 test 2023-05-01→2023-08-29  n=  0  PF=0.00  expR=+0.000  {'ema_fast': 21, 'ema_slow': 89, 'tp_atr': 4.5, 'sl_atr': 1.5, 'adx_min': 25, 'max_hold_bars': 0, 'trail_atr': 3.0, 'htf': '1d'}
   fold 3 test 2023-08-29→2023-12-27  n=  0  PF=0.00  expR=+0.000  {'ema_fast': 21, 'ema_slow': 55, 'tp_atr': 4.5, 'sl_atr': 2.5, 'adx_min': 15, 'max_hold_bars': 0, 'trail_atr': 0.0, 'htf': '1d'}
   fold 4 test 2023-12-27→2024-04-25  n=  0  PF=0.00  expR=+0.000  {'ema_fast': 13, 'ema_slow': 89, 'tp_atr': 6.0, 'sl_atr': 2.0, 'adx_min': 20, 'max_hold_bars': 120, 'trail_atr': 0.0, 'htf': '1d'}
   fold 5 test 2024-04-25→2024-08-23  n=  0  PF=0.00  expR=+0.000  {'ema_fast': 21, 'ema_slow': 55, 'tp_atr': 3.0, 'sl_atr': 2.0, 'adx_min': 20, 'max_hold_bars': 120, 'trail_atr': 4.0, 'htf': '1d'}
   fold 6 test 2024-08-23→2024-12-21  n=  0  PF=0.00  expR=+0.000  {'ema_fast': 21, 'ema_slow': 55, 'tp_atr': 3.0, 'sl_atr': 2.0, 'adx_min': 20, 'max_hold_bars': 120, 'trail_atr': 4.0, 'htf': '1d'}
   fold 7 test 2024-12-21→2025-04-20  n=  0  PF=0.00  expR=+0.000  {'ema_fast': 13, 'ema_slow': 89, 'tp_atr': 3.0, 'sl_atr': 2.0, 'adx_min': 20, 'max_hold_bars': 120, 'trail_atr': 0.0, 'htf': '1d'}
  no out-of-sample trades

######################################################################
# TIMEFRAME 1h   [('BTC', 40829), ('ETH', 40829), ('SOL', 40829), ('LINK', 40829), ('XRP', 40829), ('DOGE', 40830), ('AVAX', 40830), ('NEAR', 40830), ('APT', 33845), ('SUI', 28949)]
######################################################################

===== donchian @ 1h =====
  walk-forward: 7 folds × 40 candidates (train 365d / test 120d)
   fold 1 test 2023-01-01→2023-05-01  n=137  PF=0.94  expR=-0.008  {'entry_n': 20, 'sl_atr': 2.5, 'trail_atr': 4.5, 'trail_start_r': 0.0, 'adx_min': 22, 'ema_filter': 100, 'max_hold_bars': 0}
   fold 2 test 2023-05-01→2023-08-29  n=153  PF=0.74  expR=-0.211  {'entry_n': 20, 'sl_atr': 2.5, 'trail_atr': 4.5, 'trail_start_r': 0.0, 'adx_min': 22, 'ema_filter': 100, 'max_hold_bars': 0}
   fold 3 test 2023-08-29→2023-12-27  n=249  PF=0.77  expR=-0.113  {'entry_n': 30, 'sl_atr': 2.0, 'trail_atr': 4.5, 'trail_start_r': 1.0, 'adx_min': 0, 'ema_filter': 200, 'max_hold_bars': 0}
   fold 4 test 2023-12-27→2024-04-25  n=196  PF=0.70  expR=-0.195  {'entry_n': 20, 'sl_atr': 2.5, 'trail_atr': 4.5, 'trail_start_r': 0.0, 'adx_min': 22, 'ema_filter': 100, 'max_hold_bars': 0}
   fold 5 test 2024-04-25→2024-08-23  n=171  PF=1.60  expR=+0.379  {'entry_n': 48, 'sl_atr': 3.5, 'trail_atr': 4.5, 'trail_start_r': 1.0, 'adx_min': 0, 'ema_filter': 200, 'max_hold_bars': 0}
   fold 6 test 2024-08-23→2024-12-21  n=201  PF=1.27  expR=+0.170  {'entry_n': 48, 'sl_atr': 3.5, 'trail_atr': 4.5, 'trail_start_r': 1.0, 'adx_min': 0, 'ema_filter': 200, 'max_hold_bars': 0}
   fold 7 test 2024-12-21→2025-04-20  n=169  PF=1.34  expR=+0.215  {'entry_n': 48, 'sl_atr': 3.5, 'trail_atr': 4.5, 'trail_start_r': 1.0, 'adx_min': 0, 'ema_filter': 200, 'max_hold_bars': 0}

── donchian @ 1h · OUT-OF-SAMPLE ─────────────────────────────
  window        2023-01-01 → 2025-04-19
  trades        1276   (10.6/wk)   avg hold 50.8h
  win rate      31.6%      payoff 2.25
  profit factor 1.04   95% CI [0.88, 1.21]
  expectancy    +0.028 R   (+0.19 USDT/trade)
  net pnl       +241.88 USDT   total -17.1%   CAGR -7.8%
  max drawdown  72.8%     Calmar -0.11
  Sharpe 0.06   Sortino 0.07   t-stat 0.52
  fees 307.72 + funding 0.00  (fees = 5% of gross profit)
  P(edge>0) 0.67   liquidations 1
  exits         {'SL': 1242, 'SL_GAP': 20, 'EOD': 11, 'TP': 2, 'LIQ': 1}

  parameter stability:
{
 "entry_n": {
  "mode": "20",
  "mean": 33.429,
  "cv": 0.42,
  "n_distinct": 3
 },
 "sl_atr": {
  "mode": 2.5,
  "mean": 2.857,
  "cv": 0.22,
  "n_distinct": 3
 },
 "trail_atr": {
  "mode": 4.5,
  "mean": 4.5,
  "cv": 0.0,
  "n_distinct": 1
 },
 "trail_start_r": {
  "mode": 1.0,
  "mean": 0.571,
  "cv": 0.94,
  "n_distinct": 2
 },
 "adx_min": {
  "mode": "0",
  "mean": 9.429,
  "cv": 1.25,
  "n_distinct": 2
 },
 "ema_filter": {
  "mode": "200",
  "mean": 157.143,
  "cv": 0.34,
  "n_distinct": 2
 },
 "max_hold_bars": {
  "mode": "0",
  "mean": 0.0,
  "cv": null,
  "n_distinct": 1
 }
}

  ── donchian@1h by market regime ──
regime   n  win%   PF   expR    pnl
  bear 166  28.9 0.77 -0.099 -207.7
  bull 612  27.3 0.84 -0.100 -456.2
  chop 498  37.8 1.41  0.228  905.8

===== squeeze @ 1h =====
  walk-forward: 7 folds × 40 candidates (train 365d / test 120d)
   fold 1 test 2023-01-01→2023-05-01  n=111  PF=0.58  expR=-0.256  {'squeeze_n': 96, 'squeeze_q': 0.2, 'entry_n': 30, 'sl_atr': 3.5, 'trail_atr': 4.5, 'trail_start_r': 0.5, 'ema_filter': 200}
   fold 2 test 2023-05-01→2023-08-29  n=236  PF=0.83  expR=-0.110  {'squeeze_n': 96, 'squeeze_q': 0.35, 'entry_n': 20, 'sl_atr': 2.5, 'trail_atr': 4.5, 'trail_start_r': 0.0, 'ema_filter': 0}
   fold 3 test 2023-08-29→2023-12-27  n=316  PF=1.00  expR=+0.034  {'squeeze_n': 96, 'squeeze_q': 0.35, 'entry_n': 20, 'sl_atr': 2.0, 'trail_atr': 2.0, 'trail_start_r': 0.5, 'ema_filter': 200}
   fold 4 test 2023-12-27→2024-04-25  n=204  PF=0.90  expR=-0.010  {'squeeze_n': 96, 'squeeze_q': 0.35, 'entry_n': 30, 'sl_atr': 2.0, 'trail_atr': 4.5, 'trail_start_r': 0.5, 'ema_filter': 200}
   fold 5 test 2024-04-25→2024-08-23  n=220  PF=1.26  expR=+0.235  {'squeeze_n': 96, 'squeeze_q': 0.35, 'entry_n': 30, 'sl_atr': 2.0, 'trail_atr': 4.5, 'trail_start_r': 0.5, 'ema_filter': 200}
   fold 6 test 2024-08-23→2024-12-21  n=157  PF=1.34  expR=+0.178  {'squeeze_n': 192, 'squeeze_q': 0.2, 'entry_n': 30, 'sl_atr': 3.5, 'trail_atr': 4.5, 'trail_start_r': 0.5, 'ema_filter': 0}
   fold 7 test 2024-12-21→2025-04-20  n=156  PF=1.82  expR=+0.387  {'squeeze_n': 192, 'squeeze_q': 0.35, 'entry_n': 48, 'sl_atr': 3.5, 'trail_atr': 3.0, 'trail_start_r': 0.0, 'ema_filter': 0}

── squeeze @ 1h · OUT-OF-SAMPLE ──────────────────────────────
  window        2023-01-01 → 2025-04-19
  trades        1400   (11.7/wk)   avg hold 35.5h
  win rate      33.9%      payoff 2.14
  profit factor 1.09   95% CI [0.94, 1.27]
  expectancy    +0.068 R   (+0.39 USDT/trade)
  net pnl       +552.74 USDT   total +15.9%   CAGR +6.6%
  max drawdown  61.7%     Calmar 0.11
  Sharpe 0.37   Sortino 0.46   t-stat 1.32
  fees 412.78 + funding 0.00  (fees = 6% of gross profit)
  P(edge>0) 0.88   liquidations 0
  exits         {'SL': 1369, 'EOD': 17, 'SL_GAP': 13, 'TP': 1}

  parameter stability:
{
 "squeeze_n": {
  "mode": "96",
  "mean": 123.429,
  "cv": 0.38,
  "n_distinct": 2
 },
 "squeeze_q": {
  "mode": 0.35,
  "mean": 0.307,
  "cv": 0.24,
  "n_distinct": 2
 },
 "entry_n": {
  "mode": "30",
  "mean": 29.714,
  "cv": 0.31,
  "n_distinct": 3
 },
 "sl_atr": {
  "mode": 2.0,
  "mean": 2.714,
  "cv": 0.28,
  "n_distinct": 3
 },
 "trail_atr": {
  "mode": 4.5,
  "mean": 3.929,
  "cv": 0.26,
  "n_distinct": 3
 },
 "trail_start_r": {
  "mode": 0.5,
  "mean": 0.357,
  "cv": 0.68,
  "n_distinct": 2
 },
 "ema_filter": {
  "mode": "200",
  "mean": 114.286,
  "cv": 0.94,
  "n_distinct": 2
 }
}

  ── squeeze@1h by market regime ──
regime   n  win%   PF  expR   pnl
  bear 169  36.1 1.25 0.139 215.9
  bull 672  34.2 1.04 0.046  96.0
  chop 559  32.7 1.10 0.072 240.8

===== pullback @ 1h =====
  walk-forward: 7 folds × 40 candidates (train 365d / test 120d)
   fold 1 test 2023-01-01→2023-05-01  n=  0  PF=0.00  expR=+0.000  {'ema_fast': 13, 'ema_slow': 89, 'tp_atr': 3.0, 'sl_atr': 2.5, 'adx_min': 15, 'max_hold_bars': 60, 'trail_atr': 0.0, 'htf': '1d'}
   fold 2 test 2023-05-01→2023-08-29  n=  0  PF=0.00  expR=+0.000  {'ema_fast': 13, 'ema_slow': 89, 'tp_atr': 3.0, 'sl_atr': 2.5, 'adx_min': 15, 'max_hold_bars': 60, 'trail_atr': 0.0, 'htf': '1d'}
   fold 3 test 2023-08-29→2023-12-27  n=  0  PF=0.00  expR=+0.000  {'ema_fast': 21, 'ema_slow': 89, 'tp_atr': 3.0, 'sl_atr': 2.5, 'adx_min': 15, 'max_hold_bars': 60, 'trail_atr': 4.0, 'htf': '1d'}
   fold 4 test 2023-12-27→2024-04-25  n=  0  PF=0.00  expR=+0.000  {'ema_fast': 13, 'ema_slow': 89, 'tp_atr': 3.0, 'sl_atr': 2.5, 'adx_min': 15, 'max_hold_bars': 60, 'trail_atr': 0.0, 'htf': '1d'}
