universe: 39 perps
  ['AAVE', 'ADA', 'APT', 'AVAX', 'BCH', 'BICO', 'BNB', 'BTC', 'DOGE', 'DOT', 'ETH', 'FARTCOIN', 'FIL', 'HUMA', 'HYPE', 'KAITO', 'LINK', 'LTC', 'NEAR', 'ONDO', 'PENGU', 'PEPE', 'PUMP', 'SHIB', 'SOL', 'STX', 'SUI', 'TAO', 'TRUMP', 'TRX', 'TURBO', 'UNI', 'WIF', 'WLD', 'WLFI', 'XAU', 'XLM', 'XRP', 'ZRO']

  narrow  (11 pairs, 5 open, 0.75%)  n= 117 (0.6/wk) PF=1.97 CI[1.14,3.26] expR=+0.510 Sh= 0.87 DD= 14.9% Calmar= 0.76 CAGR= +11.3% t= 2.19 win=42.7%
  wide    (all, 8 open, 0.50%)       n= 248 (1.3/wk) PF=2.13 CI[1.41,3.11] expR=+0.606 Sh= 1.26 DD= 16.0% Calmar= 1.24 CAGR= +19.8% t= 3.13 win=44.4%
  wide    (all, 14 open, 0.35%)      n= 315 (1.7/wk) PF=1.30 CI[0.94,1.77] expR=+0.159 Sh= 0.36 DD= 15.1% Calmar= 0.26 CAGR=  +3.9% t= 1.39 win=39.4%
  wide    (all, 20 open, 0.25%)      n= 387 (2.1/wk) PF=1.40 CI[1.01,1.88] expR=+0.211 Sh= 0.47 DD= 11.4% Calmar= 0.41 CAGR=  +4.6% t= 1.82 win=38.0%

########################################################################
# BEST: wide    (all, 8 open, 0.50%)
########################################################################
── wide universe · OUT-OF-SAMPLE ─────────────────────────────
  window        2023-01-01 → 2026-08-12
  trades        248   (1.3/wk)   avg hold 240.1h
  win rate      44.4%      payoff 2.67
  profit factor 2.13   95% CI [1.41, 3.11]
  expectancy    +0.606 R   (+2.92 USDT/trade)
  net pnl       +723.74 USDT   total +92.1%   CAGR +19.8%
  max drawdown  16.0%     Calmar 1.24
  Sharpe 1.26   Sortino 0.93   t-stat 3.13
  fees 15.31 + funding 0.00  (fees = 1% of gross profit)
  P(edge>0) 1.00   liquidations 0
  exits         {'SL': 202, 'EOD': 38, 'TP': 5, 'SL_GAP': 3}

  by mkt:
 mkt   n  win%   PF  expR   pnl
bull 187  43.3 2.21 0.655 593.9
chop  61  47.5 1.85 0.458 129.8

  by year:
 year   n  win%   PF   expR   pnl
 2023 109  51.4 1.41  0.182  95.6
 2024  88  44.3 3.69  1.320 580.9
 2025  43  32.6 1.31  0.358  52.0
 2026   8  12.5 0.82 -0.124  -4.8

  top / bottom symbols:
symbol  n  win%     PF   expR   pnl
   XLM  7  57.1  21.15  5.757 217.4
  DOGE  7  57.1   8.73  2.822  94.4
   XRP  4  25.0   8.23  4.504  86.4
 TURBO  4  75.0  14.22  3.271  65.5
   APT 10  50.0   3.51  1.306  62.8
   BNB  9  77.8   9.74  0.999  47.3
 KAITO  1 100.0 999.00  8.106  41.3
   SOL 13  53.8   2.40  0.636  40.7
   SUI  7  71.4   4.83  0.920  29.8
  HYPE  1 100.0 999.00  5.699  29.1
 PENGU  2  50.0  43.34  2.889  28.9
  NEAR  7  57.1   3.22  0.760  26.7
  AVAX 14  50.0   0.70 -0.117  -9.4
   TRX  8  37.5   0.61 -0.233  -9.4
  LINK 13  38.5   0.73 -0.134 -11.2
   FIL 10  40.0   0.50 -0.261 -14.7
  BICO 10  30.0   0.44 -0.376 -19.0
  ONDO  3   0.0   0.00 -1.007 -20.4
   WLD  5   0.0   0.00 -0.780 -21.7
   LTC  7  14.3   0.07 -0.723 -30.2

  folds:
 fold      train       test  score_train  entry_n  sl_atr  trail_atr  trail_start_r  adx_min  ema_filter  max_hold_bars  oos_trades  oos_pf  oos_expR  oos_wr
    1 2022-01-01 2023-01-01        -1.08       20     3.0        3.0            0.0       18           0              0          47    0.94    -0.019    44.7
    2 2022-04-21 2023-04-21         0.44       72     3.0        3.0            0.0        0         200              0          15    1.98     0.362    60.0
    3 2022-08-09 2023-08-09         1.15       72     3.0        3.0            0.0        0         200              0          27    2.84     0.555    63.0
    4 2022-11-27 2023-11-27         1.85       30     3.0        4.5            0.5       18           0              0          51    2.60     0.700    47.1
    5 2023-03-17 2024-03-16         3.34       20     3.0        3.0            0.0        0         200              0          15    0.61    -0.287    26.7
    6 2023-07-05 2024-07-04         2.46       30     3.0        4.5            0.5        0         200              0          16    3.77     0.564    50.0
    7 2023-10-23 2024-10-22         1.33       20     2.0        4.5            0.5        0           0              0          42    2.62     1.456    31.0
    8 2024-02-10 2025-02-09         1.60       48     2.0        4.5            0.0       18           0              0          19    4.96     1.800    52.6
    9 2024-05-30 2025-05-30         2.72       72     3.0        3.0            0.5        0         200              0           8    0.22    -0.494    37.5
   10 2024-09-17 2025-09-17         2.78       72     2.0        4.5            0.5        0         200              0           0    0.00     0.000     0.0
   11 2025-01-05 2026-01-05         1.92       48     2.0        4.5            0.0       18           0              0           8    0.82    -0.124    12.5
   12 2025-04-25 2026-04-25         1.25       30     2.0        4.5            0.5        0         200              0           0    0.00     0.000     0.0

########################################################################
# RISK SCALING (same signals, risk-per-trade dial)
########################################################################
  risk 0.25%/trade  CAGR=  +10.1%  maxDD=  8.6%  Sharpe=1.25  Calmar=1.17
  risk 0.50%/trade  CAGR=  +19.8%  maxDD= 16.0%  Sharpe=1.26  Calmar=1.24
  risk 0.75%/trade  CAGR=  +29.2%  maxDD= 22.4%  Sharpe=1.27  Calmar=1.30
  risk 1.00%/trade  CAGR=  +38.4%  maxDD= 28.2%  Sharpe=1.28  Calmar=1.36
  risk 1.50%/trade  CAGR=  +43.2%  maxDD= 30.1%  Sharpe=1.14  Calmar=1.44
